// Vitest Snapshot v1, https://vitest.dev/guide/snapshot.html

exports[`stringifyTimeBasedId([timestamp: number, num: number]): string > snapshot 1`] = `"00000000000000000000-0"`;

exports[`stringifyTimeBasedId([timestamp: number, num: number]): string > snapshot 2`] = `"00000000000000000000-1"`;

exports[`stringifyTimeBasedId([timestamp: number, num: number]): string > snapshot 3`] = `"00000000000000000000-10"`;

exports[`stringifyTimeBasedId([timestamp: number, num: number]): string > snapshot 4`] = `"00000000000000000000-999"`;

exports[`stringifyTimeBasedId([timestamp: number, num: number]): string > snapshot 5`] = `"00000000000000000001-0"`;

exports[`stringifyTimeBasedId([timestamp: number, num: number]): string > snapshot 6`] = `"00000000000000000001-1"`;

exports[`stringifyTimeBasedId([timestamp: number, num: number]): string > snapshot 7`] = `"00000000000000000001-10"`;

exports[`stringifyTimeBasedId([timestamp: number, num: number]): string > snapshot 8`] = `"00000000000000000001-999"`;

exports[`stringifyTimeBasedId([timestamp: number, num: number]): string > snapshot 9`] = `"00000000000000000009-0"`;

exports[`stringifyTimeBasedId([timestamp: number, num: number]): string > snapshot 10`] = `"00000000000000000009-1"`;

exports[`stringifyTimeBasedId([timestamp: number, num: number]): string > snapshot 11`] = `"00000000000000000009-10"`;

exports[`stringifyTimeBasedId([timestamp: number, num: number]): string > snapshot 12`] = `"00000000000000000009-999"`;

exports[`stringifyTimeBasedId([timestamp: number, num: number]): string > snapshot 13`] = `"00000000000000000010-0"`;

exports[`stringifyTimeBasedId([timestamp: number, num: number]): string > snapshot 14`] = `"00000000000000000010-1"`;

exports[`stringifyTimeBasedId([timestamp: number, num: number]): string > snapshot 15`] = `"00000000000000000010-999"`;
